TAP version 13
# node:internal/modules/cjs/loader:1383
#   const err = new Error(message);
#               ^
# Error: Cannot find module './does-not-exist.ts'
# Require stack:
# - /work/node/missing.test.ts
#     at node:internal/modules/cjs/loader:1383:15
#     at m._resolveFilename (file:///work/node_modules/tsx/dist/register-B7jrtLTO.mjs:1:789)
#     at nextResolveSimple (/work/node_modules/tsx/dist/register-D46fvsV_.cjs:4:1004)
#     at /work/node_modules/tsx/dist/register-D46fvsV_.cjs:3:2630
#     at /work/node_modules/tsx/dist/register-D46fvsV_.cjs:3:1542
#     at resolveTsPaths (/work/node_modules/tsx/dist/register-D46fvsV_.cjs:4:760)
#     at Function._resolveFilename (/work/node_modules/tsx/dist/register-D46fvsV_.cjs:4:1102)
#     at defaultResolveImpl (node:internal/modules/cjs/loader:1025:19)
#     at resolveForCJSWithHooks (node:internal/modules/cjs/loader:1030:22)
#     at Function._load (node:internal/modules/cjs/loader:1192:37) {
#   code: 'MODULE_NOT_FOUND',
#   requireStack: [ '/work/node/missing.test.ts' ]
# }
# Node.js v22.22.2
# Subtest: missing.test.ts
not ok 1 - missing.test.ts
  ---
  duration_ms: 464.140789
  type: 'test'
  location: '/work/node/missing.test.ts:1:1'
  failureType: 'testCodeFailure'
  exitCode: 1
  signal: ~
  error: 'test failed'
  code: 'ERR_TEST_FAILURE'
  ...
1..1
# tests 1
# suites 0
# pass 0
# fail 1
# cancelled 0
# skipped 0
# todo 0
# duration_ms 477.052976
